2025-03-01 14:14:00 | WARN | repo=pv243-a4m36jee-2016-cdi-seminar | action=commit
2025-03-21 21:21:00 | DEBUG | repo=pv243-a4m36jee-2016-cdi-seminar | action=commit
2025-10-27 19:55:00 | WARN | repo=pv243-a4m36jee-2016-cdi-seminar | action=commit
2025-06-28 17:32:00 | INFO | repo=pv243-a4m36jee-2016-cdi-seminar | action=commit
2025-02-05 11:01:00 | INFO | repo=pv243-a4m36jee-2016-cdi-seminar | action=commit
2025-02-02 18:08:00 | DEBUG | repo=pv243-a4m36jee-2016-cdi-seminar | action=commit
2025-10-14 11:26:00 | WARN | repo=pv243-a4m36jee-2016-cdi-seminar | action=pull
2025-04-19 10:26:00 | INFO | repo=pv243-a4m36jee-2016-cdi-seminar | action=commit
2025-09-21 21:14:00 | WARN | repo=pv243-a4m36jee-2016-cdi-seminar | action=commit
2025-01-09 21:12:00 | INFO | repo=pv243-a4m36jee-2016-cdi-seminar | action=commit
2025-01-15 15:22:00 | INFO | repo=pv243-a4m36jee-2016-cdi-seminar | action=test | passed=true
2025-11-10 07:38:00 | DEBUG | repo=pv243-a4m36jee-2016-cdi-seminar | action=edit | files=1
2025-07-25 21:16:00 | INFO | repo=pv243-a4m36jee-2016-cdi-seminar | action=commit
2025-05-07 09:29:00 | INFO | repo=pv243-a4m36jee-2016-cdi-seminar | action=commit
2025-06-28 17:29:00 | DEBUG | repo=pv243-a4m36jee-2016-cdi-seminar | action=edit | files=3
2025-01-11 14:02:00 | INFO | repo=pv243-a4m36jee-2016-cdi-seminar | action=commit
2025-08-09 20:09:00 | DEBUG | repo=pv243-a4m36jee-2016-cdi-seminar | action=commit
2025-07-09 14:14:00 | INFO | repo=pv243-a4m36jee-2016-cdi-seminar | action=commit
2025-03-08 21:33:00 | DEBUG | repo=pv243-a4m36jee-2016-cdi-seminar | action=edit | files=2
2025-11-04 08:26:00 | WARN | repo=pv243-a4m36jee-2016-cdi-seminar | action=commit
2025-02-18 19:42:00 | DEBUG | repo=pv243-a4m36jee-2016-cdi-seminar | action=commit
2025-02-03 14:06:00 | DEBUG | repo=pv243-a4m36jee-2016-cdi-seminar | action=commit
2025-04-09 09:09:00 | INFO | repo=pv243-a4m36jee-2016-cdi-seminar | action=commit
2025-02-04 21:44:00 | INFO | repo=pv243-a4m36jee-2016-cdi-seminar | action=commit
2025-01-05 11:25:00 | DEBUG | repo=pv243-a4m36jee-2016-cdi-seminar | action=commit
2025-10-12 18:14:00 | WARN | repo=pv243-a4m36jee-2016-cdi-seminar | action=commit
2025-07-25 20:17:00 | WARN | repo=pv243-a4m36jee-2016-cdi-seminar | action=commit
2025-04-14 18:33:00 | DEBUG | repo=pv243-a4m36jee-2016-cdi-seminar | action=commit
2025-04-20 19:30:00 | DEBUG | repo=pv243-a4m36jee-2016-cdi-seminar | action=commit
2025-05-13 11:17:00 | DEBUG | repo=pv243-a4m36jee-2016-cdi-seminar | action=commit
2025-05-26 18:28:00 | DEBUG | repo=pv243-a4m36jee-2016-cdi-seminar | action=commit
2025-08-24 12:46:00 | DEBUG | repo=pv243-a4m36jee-2016-cdi-seminar | action=commit
2025-03-28 21:35:00 | DEBUG | repo=pv243-a4m36jee-2016-cdi-seminar | action=commit
2025-04-18 14:01:00 | INFO | repo=pv243-a4m36jee-2016-cdi-seminar | action=commit
2025-08-25 16:58:00 | WARN | repo=pv243-a4m36jee-2016-cdi-seminar | action=commit
2025-07-26 11:53:00 | DEBUG | repo=pv243-a4m36jee-2016-cdi-seminar | action=pull
2025-01-10 08:04:00 | INFO | repo=pv243-a4m36jee-2016-cdi-seminar | action=commit
2025-04-22 16:42:00 | DEBUG | repo=pv243-a4m36jee-2016-cdi-seminar | action=commit
